{'allow_dirty': False,
 'commit': True,
 'commit_args': None,
 'current_version': '1.0.0',
 'excluded_paths': [],
 'files': [{'exclude_bumps': (),
            'filename': 'setup.py',
            'glob': None,
            'glob_exclude': None,
            'ignore_missing_file': False,
            'ignore_missing_version': False,
            'include_bumps': ('major', 'minor', 'patch', 'release'),
            'key_path': None,
            'parse': '(?P<major>\\d+)\\.(?P<minor>\\d+)\\.(?P<patch>\\d+)(\\-(?P<release>[a-z]+))?',
            'regex': False,
            'replace': '{new_version}',
            'search': '{current_version}',
            'serialize': ('{major}.{minor}.{patch}-{release}',
                          '{major}.{minor}.{patch}')},
           {'exclude_bumps': (),
            'filename': 'bumpversion/__init__.py',
            'glob': None,
            'glob_exclude': None,
            'ignore_missing_file': False,
            'ignore_missing_version': False,
            'include_bumps': ('major', 'minor', 'patch', 'release'),
            'key_path': None,
            'parse': '(?P<major>\\d+)\\.(?P<minor>\\d+)\\.(?P<patch>\\d+)(\\-(?P<release>[a-z]+))?',
            'regex': False,
            'replace': '{new_version}',
            'search': '{current_version}',
            'serialize': ('{major}.{minor}.{patch}-{release}',
                          '{major}.{minor}.{patch}')},
           {'exclude_bumps': (),
            'filename': 'CHANGELOG.md',
            'glob': None,
            'glob_exclude': None,
            'ignore_missing_file': False,
            'ignore_missing_version': False,
            'include_bumps': ('major', 'minor', 'patch', 'release'),
            'key_path': None,
            'parse': '(?P<major>\\d+)\\.(?P<minor>\\d+)\\.(?P<patch>\\d+)(\\-(?P<release>[a-z]+))?',
            'regex': False,
            'replace': '**unreleased**\n**v{new_version}**',
            'search': '**unreleased**',
            'serialize': ('{major}.{minor}.{patch}-{release}',
                          '{major}.{minor}.{patch}')}],
 'ignore_missing_files': False,
 'ignore_missing_version': False,
 'included_paths': [],
 'message': 'Bump version: {current_version} → {new_version}',
 'moveable_tags': [],
 'parse': '(?P<major>\\d+)\\.(?P<minor>\\d+)\\.(?P<patch>\\d+)(\\-(?P<release>[a-z]+))?',
 'parts': {'major': {'always_increment': False,
                     'calver_format': None,
                     'depends_on': None,
                     'first_value': None,
                     'independent': False,
                     'optional_value': None,
                     'values': None},
           'minor': {'always_increment': False,
                     'calver_format': None,
                     'depends_on': None,
                     'first_value': None,
                     'independent': False,
                     'optional_value': None,
                     'values': None},
           'patch': {'always_increment': False,
                     'calver_format': None,
                     'depends_on': None,
                     'first_value': None,
                     'independent': False,
                     'optional_value': None,
                     'values': None},
           'release': {'always_increment': False,
                       'calver_format': None,
                       'depends_on': None,
                       'first_value': None,
                       'independent': False,
                       'optional_value': 'gamma',
                       'values': ['dev', 'gamma']}},
 'pep621_info': {'version': None},
 'post_commit_hooks': [],
 'pre_commit_hooks': [],
 'regex': False,
 'replace': '{new_version}',
 'scm_info': {'branch_name': None,
 'commit_sha': None,
 'current_tag': None,
 'current_version': None,
 'dirty': None,
 'distance_to_latest_tag': 0,
 'repository_root': None,
 'short_branch_name': None,
 'short_commit_sha': None,
 'tool': None},
 'search': '{current_version}',
 'serialize': ('{major}.{minor}.{patch}-{release}', '{major}.{minor}.{patch}'),
 'setup_hooks': [],
 'sign_tags': False,
 'tag': True,
 'tag_message': 'Bump version: {current_version} → {new_version}',
 'tag_name': 'v{new_version}'}
