allow_dirty: false
commit: true
commit_args: null
current_version: "1.0.0"
excluded_paths:

files:
  - exclude_bumps:

    filename: "setup.py"
    glob: null
    glob_exclude: null
    ignore_missing_file: false
    ignore_missing_version: false
    include_bumps:
      - "major"
      - "minor"
      - "patch"
      - "release"
    key_path: null
    parse: "(?P<major>\\d+)\\.(?P<minor>\\d+)\\.(?P<patch>\\d+)(\\-(?P<release>[a-z]+))?"
    regex: false
    replace: "{new_version}"
    search: "{current_version}"
    serialize:
      - "{major}.{minor}.{patch}-{release}"
      - "{major}.{minor}.{patch}"
  - exclude_bumps:

    filename: "bumpversion/__init__.py"
    glob: null
    glob_exclude: null
    ignore_missing_file: false
    ignore_missing_version: false
    include_bumps:
      - "major"
      - "minor"
      - "patch"
      - "release"
    key_path: null
    parse: "(?P<major>\\d+)\\.(?P<minor>\\d+)\\.(?P<patch>\\d+)(\\-(?P<release>[a-z]+))?"
    regex: false
    replace: "{new_version}"
    search: "{current_version}"
    serialize:
      - "{major}.{minor}.{patch}-{release}"
      - "{major}.{minor}.{patch}"
  - exclude_bumps:

    filename: "CHANGELOG.md"
    glob: null
    glob_exclude: null
    ignore_missing_file: false
    ignore_missing_version: false
    include_bumps:
      - "major"
      - "minor"
      - "patch"
      - "release"
    key_path: null
    parse: "(?P<major>\\d+)\\.(?P<minor>\\d+)\\.(?P<patch>\\d+)(\\-(?P<release>[a-z]+))?"
    regex: false
    replace: "**unreleased**\n**v{new_version}**"
    search: "**unreleased**"
    serialize:
      - "{major}.{minor}.{patch}-{release}"
      - "{major}.{minor}.{patch}"
ignore_missing_files: false
ignore_missing_version: false
included_paths:

message: "Bump version: {current_version} → {new_version}"
moveable_tags:

parse: "(?P<major>\\d+)\\.(?P<minor>\\d+)\\.(?P<patch>\\d+)(\\-(?P<release>[a-z]+))?"
parts:
  major:
    always_increment: false
    calver_format: null
    depends_on: null
    first_value: null
    independent: false
    optional_value: null
    values: null
  minor:
    always_increment: false
    calver_format: null
    depends_on: null
    first_value: null
    independent: false
    optional_value: null
    values: null
  patch:
    always_increment: false
    calver_format: null
    depends_on: null
    first_value: null
    independent: false
    optional_value: null
    values: null
  release:
    always_increment: false
    calver_format: null
    depends_on: null
    first_value: null
    independent: false
    optional_value: "gamma"
    values:
      - "dev"
      - "gamma"
pep621_info:
  version: null
post_commit_hooks:

pre_commit_hooks:

regex: false
replace: "{new_version}"
scm_info:
  branch_name: null
  commit_sha: null
  current_tag: null
  current_version: null
  dirty: null
  distance_to_latest_tag: 0
  repository_root: null
  short_branch_name: null
  short_commit_sha: null
  tool: "None"
search: "{current_version}"
serialize:
  - "{major}.{minor}.{patch}-{release}"
  - "{major}.{minor}.{patch}"
setup_hooks:

sign_tags: false
tag: true
tag_message: "Bump version: {current_version} → {new_version}"
tag_name: "v{new_version}"
